Archive member included to satisfy reference by file (symbol)

..\qtouch\lib\gcc\libqtm_touch_key_cm4_0x0002.a(sam_touch_key_g_cm4.o)
                              qtouch/touch.o (qtm_update_qtlib_timer)
..\qtouch\lib\gcc\libqtm_scroller_cm4_0x000b.a(sam_scroller_g_cm4.o)
                              qtouch/touch.o (qtm_init_scroller_module)
..\qtouch\lib\gcc\libqtm_acq_same53_0x000f.a(sam_acq_g_same53.o)
                              qtouch/touch.o (qtm_acquisition_process)
c:/program files (x86)/atmel/studio/7.0/toolchain/arm/arm-gnu-toolchain/bin/../lib/gcc/arm-none-eabi/6.3.1/thumb/v7e-m\libgcc.a(_arm_addsubdf3.o)
                              hpl/sercom/hpl_sercom.o (__aeabi_dsub)
c:/program files (x86)/atmel/studio/7.0/toolchain/arm/arm-gnu-toolchain/bin/../lib/gcc/arm-none-eabi/6.3.1/thumb/v7e-m\libgcc.a(_arm_muldivdf3.o)
                              hpl/sercom/hpl_sercom.o (__aeabi_dmul)
c:/program files (x86)/atmel/studio/7.0/toolchain/arm/arm-gnu-toolchain/bin/../lib/gcc/arm-none-eabi/6.3.1/thumb/v7e-m\libgcc.a(_arm_fixunsdfsi.o)
                              hpl/sercom/hpl_sercom.o (__aeabi_d2uiz)
c:/program files (x86)/atmel/studio/7.0/toolchain/arm/arm-gnu-toolchain/bin/../lib/gcc/arm-none-eabi/6.3.1/thumb/v7e-m\libgcc.a(_aeabi_uldivmod.o)
                              hpl/sercom/hpl_sercom.o (__aeabi_uldivmod)
c:/program files (x86)/atmel/studio/7.0/toolchain/arm/arm-gnu-toolchain/bin/../lib/gcc/arm-none-eabi/6.3.1/thumb/v7e-m\libgcc.a(_udivmoddi4.o)
                              c:/program files (x86)/atmel/studio/7.0/toolchain/arm/arm-gnu-toolchain/bin/../lib/gcc/arm-none-eabi/6.3.1/thumb/v7e-m\libgcc.a(_aeabi_uldivmod.o) (__udivmoddi4)
c:/program files (x86)/atmel/studio/7.0/toolchain/arm/arm-gnu-toolchain/bin/../lib/gcc/arm-none-eabi/6.3.1/thumb/v7e-m\libgcc.a(_dvmd_tls.o)
                              c:/program files (x86)/atmel/studio/7.0/toolchain/arm/arm-gnu-toolchain/bin/../lib/gcc/arm-none-eabi/6.3.1/thumb/v7e-m\libgcc.a(_aeabi_uldivmod.o) (__aeabi_ldiv0)
c:/program files (x86)/atmel/studio/7.0/toolchain/arm/arm-gnu-toolchain/bin/../lib/gcc/arm-none-eabi/6.3.1/../../../../arm-none-eabi/lib/thumb/v7e-m\libc_nano.a(lib_a-exit.o)
                              c:/program files (x86)/atmel/studio/7.0/toolchain/arm/arm-gnu-toolchain/bin/../lib/gcc/arm-none-eabi/6.3.1/../../../../arm-none-eabi/lib/thumb/v7e-m/crt0.o (exit)
c:/program files (x86)/atmel/studio/7.0/toolchain/arm/arm-gnu-toolchain/bin/../lib/gcc/arm-none-eabi/6.3.1/../../../../arm-none-eabi/lib/thumb/v7e-m\libc_nano.a(lib_a-impure.o)
                              c:/program files (x86)/atmel/studio/7.0/toolchain/arm/arm-gnu-toolchain/bin/../lib/gcc/arm-none-eabi/6.3.1/../../../../arm-none-eabi/lib/thumb/v7e-m\libc_nano.a(lib_a-exit.o) (_global_impure_ptr)
c:/program files (x86)/atmel/studio/7.0/toolchain/arm/arm-gnu-toolchain/bin/../lib/gcc/arm-none-eabi/6.3.1/../../../../arm-none-eabi/lib/thumb/v7e-m\libc_nano.a(lib_a-init.o)
                              c:/program files (x86)/atmel/studio/7.0/toolchain/arm/arm-gnu-toolchain/bin/../lib/gcc/arm-none-eabi/6.3.1/../../../../arm-none-eabi/lib/thumb/v7e-m/crt0.o (__libc_init_array)
c:/program files (x86)/atmel/studio/7.0/toolchain/arm/arm-gnu-toolchain/bin/../lib/gcc/arm-none-eabi/6.3.1/../../../../arm-none-eabi/lib/thumb/v7e-m\libc_nano.a(lib_a-memcpy-stub.o)
                              hpl/usb/hpl_usb.o (memcpy)
c:/program files (x86)/atmel/studio/7.0/toolchain/arm/arm-gnu-toolchain/bin/../lib/gcc/arm-none-eabi/6.3.1/../../../../arm-none-eabi/lib/thumb/v7e-m\libc_nano.a(lib_a-memset.o)
                              c:/program files (x86)/atmel/studio/7.0/toolchain/arm/arm-gnu-toolchain/bin/../lib/gcc/arm-none-eabi/6.3.1/../../../../arm-none-eabi/lib/thumb/v7e-m/crt0.o (memset)
c:/program files (x86)/atmel/studio/7.0/toolchain/arm/arm-gnu-toolchain/bin/../lib/gcc/arm-none-eabi/6.3.1/../../../../arm-none-eabi/lib/thumb/v7e-m\libc_nano.a(lib_a-printf.o)
                              hal/utils/src/utils_syscalls.o (printf)
c:/program files (x86)/atmel/studio/7.0/toolchain/arm/arm-gnu-toolchain/bin/../lib/gcc/arm-none-eabi/6.3.1/../../../../arm-none-eabi/lib/thumb/v7e-m\libc_nano.a(lib_a-findfp.o)
                              c:/program files (x86)/atmel/studio/7.0/toolchain/arm/arm-gnu-toolchain/bin/../lib/gcc/arm-none-eabi/6.3.1/../../../../arm-none-eabi/lib/thumb/v7e-m\libc_nano.a(lib_a-printf.o) (__sinit)
c:/program files (x86)/atmel/studio/7.0/toolchain/arm/arm-gnu-toolchain/bin/../lib/gcc/arm-none-eabi/6.3.1/../../../../arm-none-eabi/lib/thumb/v7e-m\libc_nano.a(lib_a-fwalk.o)
                              c:/program files (x86)/atmel/studio/7.0/toolchain/arm/arm-gnu-toolchain/bin/../lib/gcc/arm-none-eabi/6.3.1/../../../../arm-none-eabi/lib/thumb/v7e-m\libc_nano.a(lib_a-findfp.o) (_fwalk)
c:/program files (x86)/atmel/studio/7.0/toolchain/arm/arm-gnu-toolchain/bin/../lib/gcc/arm-none-eabi/6.3.1/../../../../arm-none-eabi/lib/thumb/v7e-m\libc_nano.a(lib_a-nano-mallocr.o)
[...]
Memory Configuration

Name             Origin             Length             Attributes
rom              0x00000000         0x00040000         xr
ram              0x20000000         0x00020000         xrw
bkupram          0x47000000         0x00002000         xrw
qspi             0x04000000         0x01000000         xrw
*default*        0x00000000         0xffffffff

Linker script and memory map

LOAD c:/program files (x86)/atmel/studio/7.0/toolchain/arm/arm-gnu-toolchain/bin/../lib/gcc/arm-none-eabi/6.3.1/thumb/v7e-m/crti.o
LOAD c:/program files (x86)/atmel/studio/7.0/toolchain/arm/arm-gnu-toolchain/bin/../lib/gcc/arm-none-eabi/6.3.1/thumb/v7e-m/crtbegin.o
LOAD c:/program files (x86)/atmel/studio/7.0/toolchain/arm/arm-gnu-toolchain/bin/../lib/gcc/arm-none-eabi/6.3.1/../../../../arm-none-eabi/lib/thumb/v7e-m/crt0.o
LOAD atmel_start.o
LOAD CMSIS/5.4.0/CMSIS/Core_A/Source/irq_ctrl_gic.o
LOAD Device_Startup/startup_same53.o
LOAD Device_Startup/system_same53.o
LOAD driver_init.o
LOAD examples/driver_examples.o
LOAD examples/touch_example.o
LOAD hal/src/hal_atomic.o
LOAD hal/src/hal_cache.o
LOAD hal/src/hal_delay.o
LOAD hal/src/hal_gpio.o
LOAD hal/src/hal_i2c_m_sync.o
LOAD hal/src/hal_init.o
LOAD hal/src/hal_io.o
LOAD hal/src/hal_pwm.o
LOAD hal/src/hal_qspi_sync.o
LOAD hal/src/hal_sleep.o
LOAD hal/src/hal_spi_m_sync.o
LOAD hal/src/hal_timer.o
LOAD hal/src/hal_usb_device.o
LOAD hal/utils/src/utils_assert.o
LOAD hal/utils/src/utils_event.o
LOAD hal/utils/src/utils_list.o
LOAD hal/utils/src/utils_syscalls.o
LOAD hpl/cmcc/hpl_cmcc.o
LOAD hpl/core/hpl_core_m4.o
LOAD hpl/core/hpl_init.o
LOAD hpl/dmac/hpl_dmac.o
LOAD hpl/gclk/hpl_gclk.o
LOAD hpl/mclk/hpl_mclk.o
LOAD hpl/osc32kctrl/hpl_osc32kctrl.o
LOAD hpl/oscctrl/hpl_oscctrl.o
LOAD hpl/pm/hpl_pm.o
LOAD hpl/qspi/hpl_qspi.o
LOAD hpl/ramecc/hpl_ramecc.o
LOAD hpl/rtc/hpl_rtc.o
LOAD hpl/sercom/hpl_sercom.o
LOAD hpl/tcc/hpl_tcc.o
LOAD hpl/usb/hpl_usb.o
LOAD main.o
LOAD qtouch/touch.o
START GROUP
LOAD ..\qtouch\lib\gcc\libqtm_touch_key_cm4_0x0002.a
LOAD ..\qtouch\lib\gcc\libqtm_scroller_cm4_0x000b.a
LOAD ..\qtouch\lib\gcc\libqtm_acq_same53_0x000f.a
LOAD c:/program files (x86)/atmel/studio/7.0/toolchain/arm/arm-gnu-toolchain/bin/../lib/gcc/arm-none-eabi/6.3.1/../../../../arm-none-eabi/lib/thumb/v7e-m\libm.a
END GROUP
START GROUP
LOAD c:/program files (x86)/atmel/studio/7.0/toolchain/arm/arm-gnu-toolchain/bin/../lib/gcc/arm-none-eabi/6.3.1/thumb/v7e-m\libgcc.a
LOAD c:/program files (x86)/atmel/studio/7.0/toolchain/arm/arm-gnu-toolchain/bin/../lib/gcc/arm-none-eabi/6.3.1/../../../../arm-none-eabi/lib/thumb/v7e-m\libc_nano.a
END GROUP
START GROUP
LOAD c:/program files (x86)/atmel/studio/7.0/toolchain/arm/arm-gnu-toolchain/bin/../lib/gcc/arm-none-eabi/6.3.1/thumb/v7e-m\libgcc.a
LOAD c:/program files (x86)/atmel/studio/7.0/toolchain/arm/arm-gnu-toolchain/bin/../lib/gcc/arm-none-eabi/6.3.1/../../../../arm-none-eabi/lib/thumb/v7e-m\libc_nano.a
END GROUP
LOAD c:/program files (x86)/atmel/studio/7.0/toolchain/arm/arm-gnu-toolchain/bin/../lib/gcc/arm-none-eabi/6.3.1/thumb/v7e-m/crtend.o
LOAD c:/program files (x86)/atmel/studio/7.0/toolchain/arm/arm-gnu-toolchain/bin/../lib/gcc/arm-none-eabi/6.3.1/thumb/v7e-m/crtn.o
                0x00008000                STACK_SIZE = DEFINED (STACK_SIZE)?STACK_SIZE:DEFINED (__stack_size__)?__stack_size__:0x8000

.text           0x00000000     0x3268
                0x00000000                . = ALIGN (0x4)
                0x00000000                _sfixed = .
 *(.vectors .vectors.*)
 .vectors       0x00000000      0x264 Device_Startup/startup_same53.o
                0x00000000                exception_table
 *(.text .text.* .gnu.linkonce.t.*)
 .text          0x00000264       0x6c c:/program files (x86)/atmel/studio/7.0/toolchain/arm/arm-gnu-toolchain/bin/../lib/gcc/arm-none-eabi/6.3.1/thumb/v7e-m/crtbegin.o
 .text.atmel_start_init
                0x000002d0        0xc atmel_start.o
                0x000002d0                atmel_start_init
 .text.Dummy_Handler
                0x000002dc        0x2 Device_Startup/startup_same53.o
                0x000002dc                EIC_5_Handler
                0x000002dc                SVCall_Handler
                0x000002dc                SERCOM0_2_Handler
                0x000002dc                EIC_13_Handler
                0x000002dc                EVSYS_0_Handler
                0x000002dc                TCC1_3_Handler
                0x000002dc                DAC_3_Handler
                0x000002dc                TRNG_Handler
                0x000002dc                HardFault_Handler
                0x000002dc                TC2_Handler
                0x000002dc                PDEC_2_Handler
                0x000002dc                EIC_4_Handler
                0x000002dc                AC_Handler
                0x000002dc                SERCOM3_1_Handler
                0x000002dc                SysTick_Handler
                0x000002dc                TCC2_3_Handler
                0x000002dc                SERCOM3_2_Handler
                0x000002dc                PendSV_Handler
                0x000002dc                ADC1_1_Handler
                0x000002dc                EVSYS_3_Handler
                0x000002dc                PDEC_0_Handler
                0x000002dc                QSPI_Handler
                0x000002dc                NonMaskableInt_Handler
                0x000002dc                EIC_3_Handler
                0x000002dc                MemManagement_Handler
                0x000002dc                DAC_2_Handler
                0x000002dc                SERCOM0_0_Handler
                0x000002dc                UsageFault_Handler
                0x000002dc                SERCOM4_0_Handler
                0x000002dc                EIC_10_Handler
                0x000002dc                SERCOM0_3_Handler
                0x000002dc                EIC_11_Handler
                0x000002dc                EIC_9_Handler
                0x000002dc                OSC32KCTRL_Handler
                0x000002dc                TCC2_1_Handler
                0x000002dc                SUPC_1_Handler
                0x000002dc                TCC0_5_Handler
                0x000002dc                TCC0_6_Handler
                0x000002dc                EVSYS_1_Handler
                0x000002dc                TCC1_4_Handler
                0x000002dc                DMAC_0_Handler
                0x000002dc                WDT_Handler
                0x000002dc                EIC_8_Handler
                0x000002dc                EIC_15_Handler
                0x000002dc                SERCOM5_0_Handler
                0x000002dc                TC4_Handler
                0x000002dc                TC1_Handler
                0x000002dc                OSCCTRL_4_Handler
                0x000002dc                SERCOM4_3_Handler
                0x000002dc                EIC_12_Handler
                0x000002dc                DMAC_4_Handler
                0x000002dc                TCC4_2_Handler
                0x000002dc                PAC_Handler
                0x000002dc                TCC1_0_Handler
                0x000002dc                OSCCTRL_0_Handler
                0x000002dc                EIC_0_Handler
                0x000002dc                OSCCTRL_3_Handler
                0x000002dc                SERCOM4_1_Handler
                0x000002dc                TC3_Handler
                0x000002dc                Dummy_Handler
                0x000002dc                TCC3_0_Handler
                0x000002dc                TCC2_2_Handler
                0x000002dc                SERCOM5_1_Handler
                0x000002dc                TCC1_1_Handler
                0x000002dc                DMAC_2_Handler
                0x000002dc                ADC0_0_Handler
                0x000002dc                SERCOM0_1_Handler
                0x000002dc                OSCCTRL_2_Handler
                0x000002dc                ADC1_0_Handler
                0x000002dc                TCC1_2_Handler
                0x000002dc                PM_Handler
                0x000002dc                SERCOM2_3_Handler
                0x000002dc                DAC_4_Handler
                0x000002dc                TCC3_2_Handler
                0x000002dc                TCC0_2_Handler
                0x000002dc                DMAC_1_Handler
                0x000002dc                TCC4_0_Handler
                0x000002dc                GMAC_Handler
                0x000002dc                TCC2_0_Handler
                0x000002dc                PDEC_1_Handler
                0x000002dc                TCC4_1_Handler
                0x000002dc                SERCOM5_3_Handler
                0x000002dc                SDHC0_Handler
                0x000002dc                SERCOM1_1_Handler
                0x000002dc                I2S_Handler
                0x000002dc                EIC_2_Handler
                0x000002dc                PCC_Handler
                0x000002dc                DAC_0_Handler
                0x000002dc                TCC0_1_Handler
                0x000002dc                SERCOM1_3_Handler
                0x000002dc                EIC_6_Handler
                0x000002dc                OSCCTRL_1_Handler
                0x000002dc                SERCOM1_0_Handler
                0x000002dc                PUKCC_Handler
                0x000002dc                SERCOM2_1_Handler
                0x000002dc                SERCOM1_2_Handler
                0x000002dc                SERCOM3_0_Handler
                0x000002dc                EIC_1_Handler
                0x000002dc                SERCOM4_2_Handler
                0x000002dc                EVSYS_4_Handler
                0x000002dc                EIC_7_Handler
                0x000002dc                NVMCTRL_1_Handler
                0x000002dc                SERCOM5_2_Handler
                0x000002dc                SERCOM3_3_Handler
                0x000002dc                SERCOM2_2_Handler
                0x000002dc                TCC3_1_Handler
                0x000002dc                EIC_14_Handler
                0x000002dc                DAC_1_Handler
                0x000002dc                NVMCTRL_0_Handler
                0x000002dc                MCLK_Handler
                0x000002dc                EVSYS_2_Handler
                0x000002dc                SUPC_0_Handler
                0x000002dc                BusFault_Handler
                0x000002dc                FREQM_Handler
                0x000002dc                TC0_Handler
                0x000002dc                TCC0_3_Handler
                0x000002dc                DMAC_3_Handler
                0x000002dc                DebugMonitor_Handler
                0x000002dc                TCC0_4_Handler
                0x000002dc                TC5_Handler
                0x000002dc                SERCOM2_0_Handler
                0x000002dc                AES_Handler
                0x000002dc                ICM_Handler
 *fill*         0x000002de        0x2 
 .text.Reset_Handler
                0x000002e0       0x7c Device_Startup/startup_same53.o
                0x000002e0                Reset_Handler
 .text.PTC_0_clock_init
                0x0000035c       0x1c driver_init.o
 .text.Timer_init
                0x00000378       0x30 driver_init.o
 .text.QUAD_SPI_0_PORT_init
                0x000003a8      0x188 driver_init.o
                0x000003a8                QUAD_SPI_0_PORT_init
 .text.QUAD_SPI_0_CLOCK_init
                0x00000530       0x20 driver_init.o
                0x00000530                QUAD_SPI_0_CLOCK_init
 .text.QUAD_SPI_0_init
                0x00000550       0x28 driver_init.o
                0x00000550                QUAD_SPI_0_init
 .text.I2C_0_PORT_init
                0x00000578       0x60 driver_init.o
                0x00000578                I2C_0_PORT_init
 .text.I2C_0_CLOCK_init
                0x000005d8       0x24 driver_init.o
                0x000005d8                I2C_0_CLOCK_init
 .text.I2C_0_init
                0x000005fc       0x28 driver_init.o
                0x000005fc                I2C_0_init
 .text.SPI_0_PORT_init
                0x00000624       0xc4 driver_init.o
                0x00000624                SPI_0_PORT_init
 .text.SPI_0_CLOCK_init
                0x000006e8       0x24 driver_init.o
                0x000006e8                SPI_0_CLOCK_init
 .text.SPI_0_init
                0x0000070c       0x28 driver_init.o
                0x0000070c                SPI_0_init
 .text.PWM_0_PORT_init
                0x00000734       0x68 driver_init.o
                0x00000734                PWM_0_PORT_init
 .text.PWM_0_CLOCK_init
                0x0000079c       0x1c driver_init.o
                0x0000079c                PWM_0_CLOCK_init
 .text.PWM_0_init
                0x000007b8       0x34 driver_init.o
                0x000007b8                PWM_0_init
 .text.USB_0_PORT_init
                0x000007ec       0x88 driver_init.o
                0x000007ec                USB_0_PORT_init
 .text.USB_0_CLOCK_init
                0x00000874       0x24 driver_init.o
                0x00000874                USB_0_CLOCK_init
 .text.USB_0_init
                0x00000898       0x1c driver_init.o
                0x00000898                USB_0_init
 .text.system_init
                0x000008b4       0x44 driver_init.o
                0x000008b4                system_init
 .text.atomic_enter_critical
                0x000008f8        0xe hal/src/hal_atomic.o
                0x000008f8                atomic_enter_critical
 .text.atomic_leave_critical
                0x00000906        0xc hal/src/hal_atomic.o
                0x00000906                atomic_leave_critical
 *fill*         0x00000912        0x2 
 .text.i2c_m_sync_write
                0x00000914       0x30 hal/src/hal_i2c_m_sync.o
 .text.i2c_m_sync_read
                0x00000944       0x30 hal/src/hal_i2c_m_sync.o
 .text.i2c_m_sync_init
                0x00000974       0x40 hal/src/hal_i2c_m_sync.o
                0x00000974                i2c_m_sync_init
 .text.pwm_period_expired
                0x000009b4        0xa hal/src/hal_pwm.o
 .text.pwm_detect_fault
                0x000009be        0xa hal/src/hal_pwm.o
 .text.pwm_init
                0x000009c8       0x44 hal/src/hal_pwm.o
                0x000009c8                pwm_init
 .text.pwm_enable
                0x00000a0c       0x3c hal/src/hal_pwm.o
                0x00000a0c                pwm_enable
 .text.pwm_disable
                0x00000a48       0x3c hal/src/hal_pwm.o
                0x00000a48                pwm_disable
 .text.pwm_set_parameters
                0x00000a84       0x30 hal/src/hal_pwm.o
                0x00000a84                pwm_set_parameters
 .text.qspi_sync_init
                0x00000ab4       0x34 hal/src/hal_qspi_sync.o
                0x00000ab4                qspi_sync_init
 .text.spi_m_sync_init
                0x00000ae8       0x54 hal/src/hal_spi_m_sync.o
                0x00000ae8                spi_m_sync_init
 .text.spi_m_sync_transfer
                0x00000b3c       0x44 hal/src/hal_spi_m_sync.o
                0x00000b3c                spi_m_sync_transfer
 .text._spi_m_sync_io_write
                0x00000b80       0x3c hal/src/hal_spi_m_sync.o
 .text._spi_m_sync_io_read
                0x00000bbc       0x3c hal/src/hal_spi_m_sync.o
 .text.timer_add_timer_task
                0x00000bf8       0x50 hal/src/hal_timer.o
 .text.timer_process_counted
                0x00000c48       0x68 hal/src/hal_timer.o
 .text.timer_init
                0x00000cb0       0x40 hal/src/hal_timer.o
                0x00000cb0                timer_init
 .text._usb_d_find_ep
                0x00000cf0       0x58 hal/src/hal_usb_device.o
 .text.usb_d_dummy_cb_false
                0x00000d48        0x4 hal/src/hal_usb_device.o
 .text.usb_d_cb_trans_more
                0x00000d4c       0x34 hal/src/hal_usb_device.o
 .text._usb_d_cb_trans_done
                0x00000d80      0x140 hal/src/hal_usb_device.o
 .text.usb_d_cb_trans_setup
                0x00000ec0       0x8c hal/src/hal_usb_device.o
 .text.usb_d_init
                0x00000f4c       0x6c hal/src/hal_usb_device.o
                0x00000f4c                usb_d_init
 .text.assert   0x00000fb8        0x6 hal/utils/src/utils_assert.o
                0x00000fb8                assert
 .text.is_list_element
                0x00000fbe       0x14 hal/utils/src/utils_list.o
                0x00000fbe                is_list_element
 *fill*         0x00000fd2        0x2 
 .text.list_insert_as_head
                0x00000fd4       0x2c hal/utils/src/utils_list.o
                0x00000fd4                list_insert_as_head
 .text.list_insert_after
                0x00001000        0x8 hal/utils/src/utils_list.o
                0x00001000                list_insert_after
 .text.list_remove_head
                0x00001008       0x10 hal/utils/src/utils_list.o
                0x00001008                list_remove_head
 .text._init_chip
                0x00001018       0x3c hpl/core/hpl_init.o
                0x00001018                _init_chip
 .text._gclk_init_generators_by_fref
                0x00001054       0x40 hpl/gclk/hpl_gclk.o
                0x00001054                _gclk_init_generators_by_fref
 .text._mclk_init
                0x00001094        0xc hpl/mclk/hpl_mclk.o
                0x00001094                _mclk_init
 .text._osc32kctrl_init_sources
                0x000010a0       0x14 hpl/osc32kctrl/hpl_osc32kctrl.o
                0x000010a0                _osc32kctrl_init_sources
 .text._oscctrl_init_sources
                0x000010b4        0x2 hpl/oscctrl/hpl_oscctrl.o
                0x000010b4                _oscctrl_init_sources
 *fill*         0x000010b6        0x2 
 .text._oscctrl_init_referenced_generators
                0x000010b8       0xe8 hpl/oscctrl/hpl_oscctrl.o
                0x000010b8                _oscctrl_init_referenced_generators
 .text._qspi_sync_init
                0x000011a0       0x38 hpl/qspi/hpl_qspi.o
                0x000011a0                _qspi_sync_init
 .text.RAMECC_Handler
                0x000011d8       0x44 hpl/ramecc/hpl_ramecc.o
                0x000011d8                RAMECC_Handler
 .text._rtc_timer_interrupt_handler
                0x0000121c       0x20 hpl/rtc/hpl_rtc.o
 .text._timer_init
                0x0000123c       0x68 hpl/rtc/hpl_rtc.o
                0x0000123c                _timer_init
 .text._rtc_get_timer
                0x000012a4        0x4 hpl/rtc/hpl_rtc.o
                0x000012a4                _rtc_get_timer
 .text.RTC_Handler
                0x000012a8       0x14 hpl/rtc/hpl_rtc.o
                0x000012a8                RTC_Handler
 .text._sercom_get_hardware_index
                0x000012bc       0x40 hpl/sercom/hpl_sercom.o
 .text._get_i2cm_index
                0x000012fc       0x48 hpl/sercom/hpl_sercom.o
 .text._i2c_m_sync_init_impl
                0x00001344       0xe0 hpl/sercom/hpl_sercom.o
 .text._sercom_i2c_sync_send_address
                0x00001424      0x280 hpl/sercom/hpl_sercom.o
 .text._i2c_m_sync_init
                0x000016a4       0x30 hpl/sercom/hpl_sercom.o
                0x000016a4                _i2c_m_sync_init
 .text._i2c_m_sync_transfer
                0x000016d4      0x2b0 hpl/sercom/hpl_sercom.o
                0x000016d4                _i2c_m_sync_transfer
 .text._spi_m_sync_init
                0x00001984      0x17c hpl/sercom/hpl_sercom.o
                0x00001984                _spi_m_sync_init
 .text._spi_m_sync_trans
                0x00001b00      0x100 hpl/sercom/hpl_sercom.o
                0x00001b00                _spi_m_sync_trans
 .text._tcc_init_irq_param
                0x00001c00       0x18 hpl/tcc/hpl_tcc.o
 .text.tcc_pwm_interrupt_handler
                0x00001c18       0x2e hpl/tcc/hpl_tcc.o
 *fill*         0x00001c46        0x2 
 .text._get_tcc_cfg
                0x00001c48       0x38 hpl/tcc/hpl_tcc.o
 .text._get_tcc_pwm_cfg
                0x00001c80       0x38 hpl/tcc/hpl_tcc.o
 .text._pwm_init
                0x00001cb8      0x19c hpl/tcc/hpl_tcc.o
                0x00001cb8                _pwm_init
 .text._pwm_enable
                0x00001e54       0x14 hpl/tcc/hpl_tcc.o
                0x00001e54                _pwm_enable
 .text._pwm_disable
                0x00001e68       0x14 hpl/tcc/hpl_tcc.o
                0x00001e68                _pwm_disable
 .text._pwm_set_param
                0x00001e7c       0x20 hpl/tcc/hpl_tcc.o
                0x00001e7c                _pwm_set_param
 .text._pwm_is_enabled
                0x00001e9c       0x12 hpl/tcc/hpl_tcc.o
                0x00001e9c                _pwm_is_enabled
 .text._tcc_get_pwm
                0x00001eae        0x4 hpl/tcc/hpl_tcc.o
                0x00001eae                _tcc_get_pwm
 *fill*         0x00001eb2        0x2 
 .text.TCC0_0_Handler
                0x00001eb4       0x14 hpl/tcc/hpl_tcc.o
                0x00001eb4                TCC0_0_Handler
 .text._dummy_func_no_return
                0x00001ec8        0x4 hpl/usb/hpl_usb.o
 .text._usb_load_calib
                0x00001ecc       0x58 hpl/usb/hpl_usb.o
 .text._usb_d_dev_handle_setup
                0x00001f24       0x80 hpl/usb/hpl_usb.o
 .text._usb_d_dev_handle_stall
                0x00001fa4       0x2c hpl/usb/hpl_usb.o
 .text._usb_d_dev_trans_done
                0x00001fd0       0x2c hpl/usb/hpl_usb.o
 .text._usb_d_dev_trans_stop
                0x00001ffc       0x74 hpl/usb/hpl_usb.o
 .text._usb_d_dev_handle_trfail
                0x00002070      0x118 hpl/usb/hpl_usb.o
 .text._usb_d_dev_reset_epts
                0x00002188       0x58 hpl/usb/hpl_usb.o
 .text._usb_d_dev_in_next
                0x000021e0      0x164 hpl/usb/hpl_usb.o
 .text._usb_d_dev_out_next
                0x00002344      0x1c0 hpl/usb/hpl_usb.o
 .text._usb_d_dev_handler
                0x00002504      0x288 hpl/usb/hpl_usb.o
 .text._usb_d_dev_init
                0x0000278c       0xc8 hpl/usb/hpl_usb.o
                0x0000278c                _usb_d_dev_init
 .text._usb_d_dev_ep_stall
                0x00002854      0x148 hpl/usb/hpl_usb.o
                0x00002854                _usb_d_dev_ep_stall
 .text._usb_d_dev_ep_read_req
                0x0000299c       0x74 hpl/usb/hpl_usb.o
                0x0000299c                _usb_d_dev_ep_read_req
 .text._usb_d_dev_ep_trans
                0x00002a10      0x1b4 hpl/usb/hpl_usb.o
                0x00002a10                _usb_d_dev_ep_trans
 .text._usb_d_dev_register_ep_callback
                0x00002bc4       0x30 hpl/usb/hpl_usb.o
                0x00002bc4                _usb_d_dev_register_ep_callback
 .text.USB_0_Handler
                0x00002bf4        0xc hpl/usb/hpl_usb.o
                0x00002bf4                USB_0_Handler
 .text.USB_1_Handler
                0x00002c00        0xc hpl/usb/hpl_usb.o
                0x00002c00                USB_1_Handler
 .text.USB_2_Handler
                0x00002c0c        0xc hpl/usb/hpl_usb.o
                0x00002c0c                USB_2_Handler
 .text.USB_3_Handler
                0x00002c18        0xc hpl/usb/hpl_usb.o
                0x00002c18                USB_3_Handler
 .text.main     0x00002c24       0x90 main.o
                0x00002c24                main
 .text.ADC0_1_Handler
                0x00002cb4       0x20 qtouch/touch.o
                0x00002cb4                ADC0_1_Handler
 .text.sync_config
                0x00002cd4       0x10 ..\qtouch\lib\gcc\libqtm_acq_same53_0x000f.a(sam_acq_g_same53.o)
 .text.select_next_channel_to_measure
                0x00002ce4       0x3c ..\qtouch\lib\gcc\libqtm_acq_same53_0x000f.a(sam_acq_g_same53.o)
 .text.qtm_measure_node
                0x00002d20      0x1c8 ..\qtouch\lib\gcc\libqtm_acq_same53_0x000f.a(sam_acq_g_same53.o)
 .text.qtm_same54_ptc_handler
                0x00002ee8      0x138 ..\qtouch\lib\gcc\libqtm_acq_same53_0x000f.a(sam_acq_g_same53.o)
                0x00002ee8                qtm_same54_ptc_handler
 .text.__libc_init_array
                0x00003020       0x48 c:/program files (x86)/atmel/studio/7.0/toolchain/arm/arm-gnu-toolchain/bin/../lib/gcc/arm-none-eabi/6.3.1/../../../../arm-none-eabi/lib/thumb/v7e-m\libc_nano.a(lib_a-init.o)
                0x00003020                __libc_init_array
 .text.memcpy   0x00003068       0x16 c:/program files (x86)/atmel/studio/7.0/toolchain/arm/arm-gnu-toolchain/bin/../lib/gcc/arm-none-eabi/6.3.1/../../../../arm-none-eabi/lib/thumb/v7e-m\libc_nano.a(lib_a-memcpy-stub.o)
                0x00003068                memcpy
 .text.memset   0x0000307e       0x10 c:/program files (x86)/atmel/studio/7.0/toolchain/arm/arm-gnu-toolchain/bin/../lib/gcc/arm-none-eabi/6.3.1/../../../../arm-none-eabi/lib/thumb/v7e-m\libc_nano.a(lib_a-memset.o)
                0x0000307e                memset
 *(.glue_7t)
 .glue_7t       0x0000308e        0x0 linker stubs
 *(.glue_7)
 .glue_7        0x0000308e        0x0 linker stubs
 *(.rodata .rodata* .gnu.linkonce.r.*)
 *fill*         0x0000308e        0x2 
 .rodata.str1.4
                0x00003090       0x1c hal/src/hal_i2c_m_sync.o
 .rodata.str1.4
                0x000030ac       0x15 hal/src/hal_pwm.o
 *fill*         0x000030c1        0x3 
 .rodata.str1.4
                0x000030c4       0x1b hal/src/hal_qspi_sync.o
 *fill*         0x000030df        0x1 
 .rodata.str1.4
                0x000030e0       0x1c hal/src/hal_spi_m_sync.o
 .rodata.str1.4
                0x000030fc       0x17 hal/src/hal_timer.o
 *fill*         0x00003113        0x1 
 .rodata.str1.4
                0x00003114       0x1e hal/utils/src/utils_list.o
 *fill*         0x00003132        0x2 
 .rodata.str1.4
                0x00003134       0x17 hpl/qspi/hpl_qspi.o
 *fill*         0x0000314b        0x1 
 .rodata.str1.4
                0x0000314c       0x15 hpl/rtc/hpl_rtc.o
 *fill*         0x00003161        0x3 
 .rodata        0x00003164       0x69 hpl/sercom/hpl_sercom.o
 *fill*         0x000031cd        0x3 
 .rodata.str1.4
                0x000031d0       0x1c hpl/sercom/hpl_sercom.o
                                 0x1b (size before relaxing)
 .rodata        0x000031ec       0x2c hpl/usb/hpl_usb.o
 .rodata        0x00003218       0x2e ..\qtouch\lib\gcc\libqtm_acq_same53_0x000f.a(sam_acq_g_same53.o)
 *(.ARM.extab* .gnu.linkonce.armextab.*)
                0x00003248                . = ALIGN (0x4)
 *fill*         0x00003246        0x2 
 *(.init)
 .init          0x00003248        0x4 c:/program files (x86)/atmel/studio/7.0/toolchain/arm/arm-gnu-toolchain/bin/../lib/gcc/arm-none-eabi/6.3.1/thumb/v7e-m/crti.o
                0x00003248                _init
 .init          0x0000324c        0x8 c:/program files (x86)/atmel/studio/7.0/toolchain/arm/arm-gnu-toolchain/bin/../lib/gcc/arm-none-eabi/6.3.1/thumb/v7e-m/crtn.o
                0x00003254                . = ALIGN (0x4)
                0x00003254                __preinit_array_start = .
 *(.preinit_array)
                0x00003254                __preinit_array_end = .
                0x00003254                . = ALIGN (0x4)
                0x00003254                __init_array_start = .
 *(SORT(.init_array.*))
 *(.init_array)
 .init_array    0x00003254        0x4 c:/program files (x86)/atmel/studio/7.0/toolchain/arm/arm-gnu-toolchain/bin/../lib/gcc/arm-none-eabi/6.3.1/thumb/v7e-m/crtbegin.o
                0x00003258                __init_array_end = .
                0x00003258                . = ALIGN (0x4)
 *crtbegin.o(.ctors)
 *(EXCLUDE_FILE(*crtend.o) .ctors)
 *(SORT(.ctors.*))
 *crtend.o(.ctors)
                0x00003258                . = ALIGN (0x4)
 *(.fini)
 .fini          0x00003258        0x4 c:/program files (x86)/atmel/studio/7.0/toolchain/arm/arm-gnu-toolchain/bin/../lib/gcc/arm-none-eabi/6.3.1/thumb/v7e-m/crti.o
                0x00003258                _fini
 .fini          0x0000325c        0x8 c:/program files (x86)/atmel/studio/7.0/toolchain/arm/arm-gnu-toolchain/bin/../lib/gcc/arm-none-eabi/6.3.1/thumb/v7e-m/crtn.o
                0x00003264                . = ALIGN (0x4)
                0x00003264                __fini_array_start = .
 *(.fini_array)
 .fini_array    0x00003264        0x4 c:/program files (x86)/atmel/studio/7.0/toolchain/arm/arm-gnu-toolchain/bin/../lib/gcc/arm-none-eabi/6.3.1/thumb/v7e-m/crtbegin.o
 *(SORT(.fini_array.*))
                0x00003268                __fini_array_end = .
 *crtbegin.o(.dtors)
 *(EXCLUDE_FILE(*crtend.o) .dtors)
 *(SORT(.dtors.*))
 *crtend.o(.dtors)
                0x00003268                . = ALIGN (0x4)
                0x00003268                _efixed = .
                [!provide]                PROVIDE (__exidx_start, .)

.vfp11_veneer   0x00003268        0x0
 .vfp11_veneer  0x00003268        0x0 linker stubs

.v4_bx          0x00003268        0x0
 .v4_bx         0x00003268        0x0 linker stubs

.iplt           0x00003268        0x0
 .iplt          0x00003268        0x0 c:/program files (x86)/atmel/studio/7.0/toolchain/arm/arm-gnu-toolchain/bin/../lib/gcc/arm-none-eabi/6.3.1/thumb/v7e-m/crtbegin.o

.eh_frame       0x00003268        0x0
 .eh_frame      0x00003268        0x0 c:/program files (x86)/atmel/studio/7.0/toolchain/arm/arm-gnu-toolchain/bin/../lib/gcc/arm-none-eabi/6.3.1/thumb/v7e-m/crtbegin.o

.rel.dyn        0x00003268        0x0
 .rel.iplt      0x00003268        0x0 c:/program files (x86)/atmel/studio/7.0/toolchain/arm/arm-gnu-toolchain/bin/../lib/gcc/arm-none-eabi/6.3.1/thumb/v7e-m/crtbegin.o

.jcr            0x00003268        0x0
 .jcr           0x00003268        0x0 c:/program files (x86)/atmel/studio/7.0/toolchain/arm/arm-gnu-toolchain/bin/../lib/gcc/arm-none-eabi/6.3.1/thumb/v7e-m/crtbegin.o

.igot.plt       0x00003268        0x0
 .igot.plt      0x00003268        0x0 c:/program files (x86)/atmel/studio/7.0/toolchain/arm/arm-gnu-toolchain/bin/../lib/gcc/arm-none-eabi/6.3.1/thumb/v7e-m/crtbegin.o

.ARM.exidx
 *(.ARM.exidx* .gnu.linkonce.armexidx.*)
                [!provide]                PROVIDE (__exidx_end, .)
                0x00003268                . = ALIGN (0x4)
                0x00003268                _etext = .

.relocate       0x20000000       0x48 load address 0x00003268
                0x20000000                . = ALIGN (0x4)
                0x20000000                _srelocate = .
 *(.ramfunc .ramfunc.*)
 *(.data .data.*)
 .data          0x20000000       0x44 hpl/tcc/hpl_tcc.o
 .data          0x20000044        0x1 ..\qtouch\lib\gcc\libqtm_acq_same53_0x000f.a(sam_acq_g_same53.o)
                0x20000044                qtm_which_mode_current
                0x20000048                . = ALIGN (0x4)
 *fill*         0x20000045        0x3 
                0x20000048                _erelocate = .

.bkupram        0x47000000        0x0
                0x47000000                . = ALIGN (0x8)
                0x47000000                _sbkupram = .
 *(.bkupram .bkupram.*)
                0x47000000                . = ALIGN (0x8)
                0x47000000                _ebkupram = .

.qspi           0x04000000        0x0
                0x04000000                . = ALIGN (0x8)
                0x04000000                _sqspi = .
 *(.qspi .qspi.*)
                0x04000000                . = ALIGN (0x8)
                0x04000000                _eqspi = .

.bss            0x20000048      0x33c load address 0x000032b0
                0x20000048                . = ALIGN (0x4)
                0x20000048                _sbss = .
                0x20000048                _szero = .
 *(.bss .bss.*)
 .bss           0x20000048       0x1c c:/program files (x86)/atmel/studio/7.0/toolchain/arm/arm-gnu-toolchain/bin/../lib/gcc/arm-none-eabi/6.3.1/thumb/v7e-m/crtbegin.o
 .bss           0x20000064       0x80 hal/src/hal_usb_device.o
 .bss           0x200000e4        0x4 hpl/rtc/hpl_rtc.o
 .bss           0x200000e8        0x4 hpl/tcc/hpl_tcc.o
 .bss           0x200000ec      0x1e8 hpl/usb/hpl_usb.o
 .bss           0x200002d4       0x1c ..\qtouch\lib\gcc\libqtm_acq_same53_0x000f.a(sam_acq_g_same53.o)
                0x200002d4                current_measure_channel
 *(COMMON)
 COMMON         0x200002f0       0x74 driver_init.o
                0x200002f0                PWM_0
                0x2000030c                Timer
                0x20000328                SPI_0
                0x20000340                QUAD_SPI_0
                0x20000344                I2C_0
 COMMON         0x20000364       0x10 hpl/ramecc/hpl_ramecc.o
                0x20000364                device
 COMMON         0x20000374       0x10 ..\qtouch\lib\gcc\libqtm_acq_same53_0x000f.a(sam_acq_g_same53.o)
                0x20000374                p_qtm_drivenshield_config
                0x20000378                qtm_auto_scan_config_working_ptr
                0x2000037c                qtm_acquisition_control_working_set_ptr
                0x20000380                qtm_raw_data_measurements_ptr
                0x20000384                . = ALIGN (0x4)
                0x20000384                _ebss = .
                0x20000384                _ezero = .

.stack          0x20000384     0x8004 load address 0x000035ec
                0x20000388                . = ALIGN (0x8)
 *fill*         0x20000384        0x4 
                0x20000388                _sstack = .
                0x20008388                . = (. + STACK_SIZE)
 *fill*         0x20000388     0x8000 
                0x20008388                . = ALIGN (0x8)
                0x20008388                _estack = .
                0x20008388                . = ALIGN (0x4)
                0x20008388                _end = .
OUTPUT(Saintcon2021.elf elf32-littlearm)

.ARM.attributes
                0x00000000       0x30
 .ARM.attributes
                0x00000000       0x1e c:/program files (x86)/atmel/studio/7.0/toolchain/arm/arm-gnu-toolchain/bin/../lib/gcc/arm-none-eabi/6.3.1/thumb/v7e-m/crti.o
 .ARM.attributes
                0x0000001e       0x2e c:/program files (x86)/atmel/studio/7.0/toolchain/arm/arm-gnu-toolchain/bin/../lib/gcc/arm-none-eabi/6.3.1/thumb/v7e-m/crtbegin.o
 .ARM.attributes
                0x0000004c       0x37 atmel_start.o
 .ARM.attributes
                0x00000083       0x37 Device_Startup/startup_same53.o
 .ARM.attributes
                0x000000ba       0x37 driver_init.o
 .ARM.attributes
                0x000000f1       0x37 hal/src/hal_atomic.o
 .ARM.attributes
                0x00000128       0x37 hal/src/hal_i2c_m_sync.o
 .ARM.attributes
                0x0000015f       0x37 hal/src/hal_pwm.o
 .ARM.attributes
                0x00000196       0x37 hal/src/hal_qspi_sync.o
 .ARM.attributes
                0x000001cd       0x37 hal/src/hal_spi_m_sync.o
 .ARM.attributes
                0x00000204       0x37 hal/src/hal_timer.o
 .ARM.attributes
                0x0000023b       0x37 hal/src/hal_usb_device.o
 .ARM.attributes
                0x00000272       0x37 hal/utils/src/utils_assert.o
 .ARM.attributes
                0x000002a9       0x37 hal/utils/src/utils_list.o
 .ARM.attributes
                0x000002e0       0x37 hpl/core/hpl_init.o
 .ARM.attributes
                0x00000317       0x37 hpl/gclk/hpl_gclk.o
 .ARM.attributes
                0x0000034e       0x37 hpl/mclk/hpl_mclk.o
 .ARM.attributes
                0x00000385       0x37 hpl/osc32kctrl/hpl_osc32kctrl.o
 .ARM.attributes
                0x000003bc       0x37 hpl/oscctrl/hpl_oscctrl.o
 .ARM.attributes
                0x000003f3       0x37 hpl/qspi/hpl_qspi.o
 .ARM.attributes
                0x0000042a       0x37 hpl/ramecc/hpl_ramecc.o
 .ARM.attributes
                0x00000461       0x37 hpl/rtc/hpl_rtc.o
 .ARM.attributes
                0x00000498       0x37 hpl/sercom/hpl_sercom.o
 .ARM.attributes
                0x000004cf       0x37 hpl/tcc/hpl_tcc.o
 .ARM.attributes
                0x00000506       0x37 hpl/usb/hpl_usb.o
 .ARM.attributes
                0x0000053d       0x37 main.o
 .ARM.attributes
                0x00000574       0x37 qtouch/touch.o
 .ARM.attributes
                0x000005ab       0x33 ..\qtouch\lib\gcc\libqtm_acq_same53_0x000f.a(sam_acq_g_same53.o)
 .ARM.attributes
                0x000005de       0x2e c:/program files (x86)/atmel/studio/7.0/toolchain/arm/arm-gnu-toolchain/bin/../lib/gcc/arm-none-eabi/6.3.1/../../../../arm-none-eabi/lib/thumb/v7e-m\libc_nano.a(lib_a-init.o)
 .ARM.attributes
                0x0000060c       0x2e c:/program files (x86)/atmel/studio/7.0/toolchain/arm/arm-gnu-toolchain/bin/../lib/gcc/arm-none-eabi/6.3.1/../../../../arm-none-eabi/lib/thumb/v7e-m\libc_nano.a(lib_a-memcpy-stub.o)
 .ARM.attributes
                0x0000063a       0x2e c:/program files (x86)/atmel/studio/7.0/toolchain/arm/arm-gnu-toolchain/bin/../lib/gcc/arm-none-eabi/6.3.1/../../../../arm-none-eabi/lib/thumb/v7e-m\libc_nano.a(lib_a-memset.o)
 .ARM.attributes
                0x00000668       0x1e c:/program files (x86)/atmel/studio/7.0/toolchain/arm/arm-gnu-toolchain/bin/../lib/gcc/arm-none-eabi/6.3.1/thumb/v7e-m/crtn.o

.comment        0x00000000       0xc7
 .comment       0x00000000       0x59 atmel_start.o
                                 0x5a (size before relaxing)
 .comment       0x00000059       0x5a Device_Startup/startup_same53.o
 .comment       0x00000059       0x5a driver_init.o
 .comment       0x00000059       0x5a hal/src/hal_atomic.o
 .comment       0x00000059       0x5a hal/src/hal_i2c_m_sync.o
 .comment       0x00000059       0x5a hal/src/hal_pwm.o
 .comment       0x00000059       0x5a hal/src/hal_qspi_sync.o
 .comment       0x00000059       0x5a hal/src/hal_spi_m_sync.o
 .comment       0x00000059       0x5a hal/src/hal_timer.o
 .comment       0x00000059       0x5a hal/src/hal_usb_device.o
 .comment       0x00000059       0x5a hal/utils/src/utils_assert.o
 .comment       0x00000059       0x5a hal/utils/src/utils_list.o
 .comment       0x00000059       0x5a hpl/core/hpl_init.o
 .comment       0x00000059       0x5a hpl/gclk/hpl_gclk.o
 .comment       0x00000059       0x5a hpl/mclk/hpl_mclk.o
 .comment       0x00000059       0x5a hpl/osc32kctrl/hpl_osc32kctrl.o
 .comment       0x00000059       0x5a hpl/oscctrl/hpl_oscctrl.o
 .comment       0x00000059       0x5a hpl/qspi/hpl_qspi.o
 .comment       0x00000059       0x5a hpl/ramecc/hpl_ramecc.o
 .comment       0x00000059       0x5a hpl/rtc/hpl_rtc.o
 .comment       0x00000059       0x5a hpl/sercom/hpl_sercom.o
 .comment       0x00000059       0x5a hpl/tcc/hpl_tcc.o
 .comment       0x00000059       0x5a hpl/usb/hpl_usb.o
 .comment       0x00000059       0x5a main.o
 .comment       0x00000059       0x5a qtouch/touch.o
 .comment       0x00000059       0x6e ..\qtouch\lib\gcc\libqtm_acq_same53_0x000f.a(sam_acq_g_same53.o)
                                 0x6f (size before relaxing)

.debug_info     0x00000000    0x36301
 .debug_info    0x00000000      0x5d4 atmel_start.o
 .debug_info    0x000005d4      0xd72 Device_Startup/startup_same53.o
 .debug_info    0x00001346     0xb517 driver_init.o
 .debug_info    0x0000c85d      0x1fa hal/src/hal_atomic.o
 .debug_info    0x0000ca57      0x89f hal/src/hal_i2c_m_sync.o
 .debug_info    0x0000d2f6      0x7f2 hal/src/hal_pwm.o
 .debug_info    0x0000dae8      0x549 hal/src/hal_qspi_sync.o
 .debug_info    0x0000e031      0xa2c hal/src/hal_spi_m_sync.o
 .debug_info    0x0000ea5d      0xbc4 hal/src/hal_timer.o
 .debug_info    0x0000f621     0x1e30 hal/src/hal_usb_device.o
 .debug_info    0x00011451      0x130 hal/utils/src/utils_assert.o
 .debug_info    0x00011581      0x33e hal/utils/src/utils_list.o
 .debug_info    0x000118bf      0xbce hpl/core/hpl_init.o
 .debug_info    0x0001248d      0x68b hpl/gclk/hpl_gclk.o
 .debug_info    0x00012b18      0xa2f hpl/mclk/hpl_mclk.o
 .debug_info    0x00013547      0x714 hpl/osc32kctrl/hpl_osc32kctrl.o
 .debug_info    0x00013c5b     0x1a4d hpl/oscctrl/hpl_oscctrl.o
 .debug_info    0x000156a8     0x119b hpl/qspi/hpl_qspi.o
 .debug_info    0x00016843      0xbc7 hpl/ramecc/hpl_ramecc.o
 .debug_info    0x0001740a     0x371e hpl/rtc/hpl_rtc.o
 .debug_info    0x0001ab28     0xbb9a hpl/sercom/hpl_sercom.o
 .debug_info    0x000266c2     0x39e8 hpl/tcc/hpl_tcc.o
 .debug_info    0x0002a0aa     0x8a60 hpl/usb/hpl_usb.o
 .debug_info    0x00032b0a     0x13c6 main.o
 .debug_info    0x00033ed0     0x2431 qtouch/touch.o

.debug_abbrev   0x00000000     0x4289
 .debug_abbrev  0x00000000      0x104 atmel_start.o
 .debug_abbrev  0x00000104      0x171 Device_Startup/startup_same53.o
 .debug_abbrev  0x00000275      0x3ec driver_init.o
 .debug_abbrev  0x00000661      0x155 hal/src/hal_atomic.o
 .debug_abbrev  0x000007b6      0x1b7 hal/src/hal_i2c_m_sync.o
 .debug_abbrev  0x0000096d      0x198 hal/src/hal_pwm.o
 .debug_abbrev  0x00000b05      0x174 hal/src/hal_qspi_sync.o
 .debug_abbrev  0x00000c79      0x1c9 hal/src/hal_spi_m_sync.o
 .debug_abbrev  0x00000e42      0x232 hal/src/hal_timer.o
 .debug_abbrev  0x00001074      0x495 hal/src/hal_usb_device.o
 .debug_abbrev  0x00001509       0x9e hal/utils/src/utils_assert.o
 .debug_abbrev  0x000015a7      0x186 hal/utils/src/utils_list.o
 .debug_abbrev  0x0000172d      0x1dd hpl/core/hpl_init.o
 .debug_abbrev  0x0000190a      0x1c9 hpl/gclk/hpl_gclk.o
 .debug_abbrev  0x00001ad3      0x1bd hpl/mclk/hpl_mclk.o
 .debug_abbrev  0x00001c90      0x1fc hpl/osc32kctrl/hpl_osc32kctrl.o
 .debug_abbrev  0x00001e8c      0x2a4 hpl/oscctrl/hpl_oscctrl.o
 .debug_abbrev  0x00002130      0x349 hpl/qspi/hpl_qspi.o
 .debug_abbrev  0x00002479      0x2c8 hpl/ramecc/hpl_ramecc.o
 .debug_abbrev  0x00002741      0x3eb hpl/rtc/hpl_rtc.o
 .debug_abbrev  0x00002b2c      0x5bc hpl/sercom/hpl_sercom.o
 .debug_abbrev  0x000030e8      0x559 hpl/tcc/hpl_tcc.o
 .debug_abbrev  0x00003641      0x5f3 hpl/usb/hpl_usb.o
 .debug_abbrev  0x00003c34      0x321 main.o
 .debug_abbrev  0x00003f55      0x334 qtouch/touch.o

.debug_loc      0x00000000    0x13373
 .debug_loc     0x00000000       0x20 atmel_start.o
 .debug_loc     0x00000020       0x78 Device_Startup/startup_same53.o
 .debug_loc     0x00000098     0x1cdc driver_init.o
 .debug_loc     0x00001d74       0x13 hal/src/hal_atomic.o
 .debug_loc     0x00001d87      0x764 hal/src/hal_i2c_m_sync.o
 .debug_loc     0x000024eb      0x3c2 hal/src/hal_pwm.o
 .debug_loc     0x000028ad      0x20a hal/src/hal_qspi_sync.o
 .debug_loc     0x00002ab7      0x70b hal/src/hal_spi_m_sync.o
 .debug_loc     0x000031c2      0x6c0 hal/src/hal_timer.o
 .debug_loc     0x00003882     0x1107 hal/src/hal_usb_device.o
 .debug_loc     0x00004989      0x24b hal/utils/src/utils_list.o
 .debug_loc     0x00004bd4       0x4c hpl/core/hpl_init.o
 .debug_loc     0x00004c20      0x156 hpl/gclk/hpl_gclk.o
 .debug_loc     0x00004d76       0x2c hpl/mclk/hpl_mclk.o
 .debug_loc     0x00004da2       0x95 hpl/osc32kctrl/hpl_osc32kctrl.o
 .debug_loc     0x00004e37      0x2b4 hpl/oscctrl/hpl_oscctrl.o
 .debug_loc     0x000050eb      0x573 hpl/qspi/hpl_qspi.o
 .debug_loc     0x0000565e      0x130 hpl/ramecc/hpl_ramecc.o
 .debug_loc     0x0000578e      0x5c4 hpl/rtc/hpl_rtc.o
 .debug_loc     0x00005d52     0x7ab2 hpl/sercom/hpl_sercom.o
 .debug_loc     0x0000d804      0xca3 hpl/tcc/hpl_tcc.o
 .debug_loc     0x0000e4a7     0x48e4 hpl/usb/hpl_usb.o
 .debug_loc     0x00012d8b      0x292 main.o
 .debug_loc     0x0001301d      0x356 qtouch/touch.o

.debug_aranges  0x00000000      0xe20
 .debug_aranges
                0x00000000       0x20 atmel_start.o
 .debug_aranges
                0x00000020       0x28 Device_Startup/startup_same53.o
 .debug_aranges
                0x00000048       0xa8 driver_init.o
 .debug_aranges
                0x000000f0       0x30 hal/src/hal_atomic.o
 .debug_aranges
                0x00000120       0x88 hal/src/hal_i2c_m_sync.o
 .debug_aranges
                0x000001a8       0x60 hal/src/hal_pwm.o
 .debug_aranges
                0x00000208       0x48 hal/src/hal_qspi_sync.o
 .debug_aranges
                0x00000250       0x88 hal/src/hal_spi_m_sync.o
 .debug_aranges
                0x000002d8       0x70 hal/src/hal_timer.o
 .debug_aranges
                0x00000348      0x100 hal/src/hal_usb_device.o
 .debug_aranges
                0x00000448       0x20 hal/utils/src/utils_assert.o
 .debug_aranges
                0x00000468       0x48 hal/utils/src/utils_list.o
 .debug_aranges
                0x000004b0       0x20 hpl/core/hpl_init.o
 .debug_aranges
                0x000004d0       0x28 hpl/gclk/hpl_gclk.o
 .debug_aranges
                0x000004f8       0x20 hpl/mclk/hpl_mclk.o
 .debug_aranges
                0x00000518       0x20 hpl/osc32kctrl/hpl_osc32kctrl.o
 .debug_aranges
                0x00000538       0x28 hpl/oscctrl/hpl_oscctrl.o
 .debug_aranges
                0x00000560       0x58 hpl/qspi/hpl_qspi.o
 .debug_aranges
                0x000005b8       0x30 hpl/ramecc/hpl_ramecc.o
 .debug_aranges
                0x000005e8       0x70 hpl/rtc/hpl_rtc.o
 .debug_aranges
                0x00000658      0x508 hpl/sercom/hpl_sercom.o
 .debug_aranges
                0x00000b60       0x98 hpl/tcc/hpl_tcc.o
 .debug_aranges
                0x00000bf8      0x150 hpl/usb/hpl_usb.o
 .debug_aranges
                0x00000d48       0x20 main.o
 .debug_aranges
                0x00000d68       0xb8 qtouch/touch.o

.debug_ranges   0x00000000      0xfe8
 .debug_ranges  0x00000000       0x10 atmel_start.o
 .debug_ranges  0x00000010       0x18 Device_Startup/startup_same53.o
 .debug_ranges  0x00000028       0x98 driver_init.o
 .debug_ranges  0x000000c0       0x20 hal/src/hal_atomic.o
 .debug_ranges  0x000000e0       0x78 hal/src/hal_i2c_m_sync.o
 .debug_ranges  0x00000158       0x50 hal/src/hal_pwm.o
 .debug_ranges  0x000001a8       0x38 hal/src/hal_qspi_sync.o
 .debug_ranges  0x000001e0       0x78 hal/src/hal_spi_m_sync.o
 .debug_ranges  0x00000258       0x90 hal/src/hal_timer.o
 .debug_ranges  0x000002e8      0x108 hal/src/hal_usb_device.o
 .debug_ranges  0x000003f0       0x10 hal/utils/src/utils_assert.o
 .debug_ranges  0x00000400       0x38 hal/utils/src/utils_list.o
 .debug_ranges  0x00000438       0x10 hpl/core/hpl_init.o
 .debug_ranges  0x00000448       0x18 hpl/gclk/hpl_gclk.o
 .debug_ranges  0x00000460       0x10 hpl/mclk/hpl_mclk.o
 .debug_ranges  0x00000470       0x10 hpl/osc32kctrl/hpl_osc32kctrl.o
 .debug_ranges  0x00000480       0x18 hpl/oscctrl/hpl_oscctrl.o
 .debug_ranges  0x00000498       0x48 hpl/qspi/hpl_qspi.o
 .debug_ranges  0x000004e0       0x38 hpl/ramecc/hpl_ramecc.o
 .debug_ranges  0x00000518       0x60 hpl/rtc/hpl_rtc.o
 .debug_ranges  0x00000578      0x690 hpl/sercom/hpl_sercom.o
 .debug_ranges  0x00000c08       0xa0 hpl/tcc/hpl_tcc.o
 .debug_ranges  0x00000ca8      0x288 hpl/usb/hpl_usb.o
 .debug_ranges  0x00000f30       0x10 main.o
 .debug_ranges  0x00000f40       0xa8 qtouch/touch.o

.debug_macro    0x00000000    0x2f433
 .debug_macro   0x00000000      0x820 atmel_start.o
 .debug_macro   0x00000820      0x8b0 atmel_start.o
 .debug_macro   0x000010d0      0x16d atmel_start.o
 .debug_macro   0x0000123d       0x22 atmel_start.o
 .debug_macro   0x0000125f       0x87 atmel_start.o
 .debug_macro   0x000012e6       0x51 atmel_start.o
 .debug_macro   0x00001337       0xef atmel_start.o
 .debug_macro   0x00001426       0x6a atmel_start.o
 .debug_macro   0x00001490      0x1df atmel_start.o
 .debug_macro   0x0000166f       0x22 atmel_start.o
 .debug_macro   0x00001691       0x54 atmel_start.o
 .debug_macro   0x000016e5       0x1c atmel_start.o
 .debug_macro   0x00001701       0x22 atmel_start.o
 .debug_macro   0x00001723       0xdf atmel_start.o
 .debug_macro   0x00001802     0x102d atmel_start.o
 .debug_macro   0x0000282f      0x11f atmel_start.o
 .debug_macro   0x0000294e      0x706 atmel_start.o
 .debug_macro   0x00003054      0xb5b atmel_start.o
 .debug_macro   0x00003baf      0x3c0 atmel_start.o
 .debug_macro   0x00003f6f      0x336 atmel_start.o
 .debug_macro   0x000042a5      0x3b7 atmel_start.o
 .debug_macro   0x0000465c      0x668 atmel_start.o
 .debug_macro   0x00004cc4     0x143f atmel_start.o
 .debug_macro   0x00006103      0x651 atmel_start.o
 .debug_macro   0x00006754      0x67b atmel_start.o
 .debug_macro   0x00006dcf      0x6d7 atmel_start.o
 .debug_macro   0x000074a6      0x172 atmel_start.o
 .debug_macro   0x00007618      0x395 atmel_start.o
 .debug_macro   0x000079ad     0x19dd atmel_start.o
 .debug_macro   0x0000938a       0x3a atmel_start.o
 .debug_macro   0x000093c4      0x72a atmel_start.o
 .debug_macro   0x00009aee      0xb12 atmel_start.o
 .debug_macro   0x0000a600      0x5bb atmel_start.o
 .debug_macro   0x0000abbb      0xbc0 atmel_start.o
 .debug_macro   0x0000b77b      0x9b9 atmel_start.o
 .debug_macro   0x0000c134      0x2a3 atmel_start.o
 .debug_macro   0x0000c3d7      0x893 atmel_start.o
 .debug_macro   0x0000cc6a      0x1ea atmel_start.o
 .debug_macro   0x0000ce54      0x8f4 atmel_start.o
 .debug_macro   0x0000d748      0x216 atmel_start.o
 .debug_macro   0x0000d95e      0x3f9 atmel_start.o
 .debug_macro   0x0000dd57      0x620 atmel_start.o
 .debug_macro   0x0000e377      0x10d atmel_start.o
 .debug_macro   0x0000e484       0xb8 atmel_start.o
 .debug_macro   0x0000e53c     0x1df7 atmel_start.o
 .debug_macro   0x00010333     0x2e69 atmel_start.o
 .debug_macro   0x0001319c     0x11ed atmel_start.o
 .debug_macro   0x00014389      0x50e atmel_start.o
 .debug_macro   0x00014897      0x930 atmel_start.o
 .debug_macro   0x000151c7     0x1ad8 atmel_start.o
 .debug_macro   0x00016c9f       0xe7 atmel_start.o
 .debug_macro   0x00016d86     0x13e6 atmel_start.o
 .debug_macro   0x0001816c      0x36a atmel_start.o
 .debug_macro   0x000184d6       0x94 atmel_start.o
 .debug_macro   0x0001856a       0xdc atmel_start.o
 .debug_macro   0x00018646       0xe2 atmel_start.o
 .debug_macro   0x00018728       0xdc atmel_start.o
 .debug_macro   0x00018804       0x46 atmel_start.o
 .debug_macro   0x0001884a       0x4c atmel_start.o
 .debug_macro   0x00018896       0xc4 atmel_start.o
 .debug_macro   0x0001895a      0x7d5 atmel_start.o
 .debug_macro   0x0001912f       0xb8 atmel_start.o
 .debug_macro   0x000191e7       0x7c atmel_start.o
 .debug_macro   0x00019263      0xc20 atmel_start.o
 .debug_macro   0x00019e83       0x46 atmel_start.o
 .debug_macro   0x00019ec9      0x25b atmel_start.o
 .debug_macro   0x0001a124      0x31a atmel_start.o
 .debug_macro   0x0001a43e      0x170 atmel_start.o
 .debug_macro   0x0001a5ae       0x7c atmel_start.o
 .debug_macro   0x0001a62a       0xbe atmel_start.o
 .debug_macro   0x0001a6e8       0x4c atmel_start.o
 .debug_macro   0x0001a734       0x82 atmel_start.o
 .debug_macro   0x0001a7b6      0x1a3 atmel_start.o
 .debug_macro   0x0001a959       0x46 atmel_start.o
 .debug_macro   0x0001a99f       0x6a atmel_start.o
 .debug_macro   0x0001aa09       0x46 atmel_start.o
 .debug_macro   0x0001aa4f       0x88 atmel_start.o
 .debug_macro   0x0001aad7       0x46 atmel_start.o
 .debug_macro   0x0001ab1d      0x1e1 atmel_start.o
 .debug_macro   0x0001acfe       0x1c atmel_start.o
 .debug_macro   0x0001ad1a       0x76 atmel_start.o
 .debug_macro   0x0001ad90       0x3a atmel_start.o
 .debug_macro   0x0001adca       0x2e atmel_start.o
 .debug_macro   0x0001adf8      0x196 atmel_start.o
 .debug_macro   0x0001af8e      0x16f atmel_start.o
 .debug_macro   0x0001b0fd      0x25d atmel_start.o
 .debug_macro   0x0001b35a      0x25d atmel_start.o
 .debug_macro   0x0001b5b7      0x25d atmel_start.o
 .debug_macro   0x0001b814      0x25d atmel_start.o
 .debug_macro   0x0001ba71      0x25d atmel_start.o
 .debug_macro   0x0001bcce      0x25d atmel_start.o
 .debug_macro   0x0001bf2b       0x52 atmel_start.o
 .debug_macro   0x0001bf7d       0xfa atmel_start.o
 .debug_macro   0x0001c077       0xfa atmel_start.o
 .debug_macro   0x0001c171       0xfa atmel_start.o
 .debug_macro   0x0001c26b       0xfa atmel_start.o
 .debug_macro   0x0001c365       0xfa atmel_start.o
 .debug_macro   0x0001c45f       0xfa atmel_start.o
 .debug_macro   0x0001c559      0x148 atmel_start.o
 .debug_macro   0x0001c6a1      0x124 atmel_start.o
 .debug_macro   0x0001c7c5      0x106 atmel_start.o
 .debug_macro   0x0001c8cb       0xee atmel_start.o
 .debug_macro   0x0001c9b9       0xee atmel_start.o
 .debug_macro   0x0001caa7       0x2e atmel_start.o
 .debug_macro   0x0001cad5      0x46a atmel_start.o
 .debug_macro   0x0001cf3f       0x3a atmel_start.o
 .debug_macro   0x0001cf79      0x52f atmel_start.o
 .debug_macro   0x0001d4a8     0x3217 atmel_start.o
 .debug_macro   0x000206bf       0xcf atmel_start.o
 .debug_macro   0x0002078e       0x10 atmel_start.o
 .debug_macro   0x0002079e       0x10 atmel_start.o
 .debug_macro   0x000207ae       0x16 atmel_start.o
 .debug_macro   0x000207c4       0x16 atmel_start.o
 .debug_macro   0x000207da       0x16 atmel_start.o
 .debug_macro   0x000207f0       0x16 atmel_start.o
 .debug_macro   0x00020806       0x16 atmel_start.o
 .debug_macro   0x0002081c       0x40 atmel_start.o
 .debug_macro   0x0002085c       0x16 atmel_start.o
 .debug_macro   0x00020872       0x16 atmel_start.o
 .debug_macro   0x00020888       0x16 atmel_start.o
 .debug_macro   0x0002089e       0x16 atmel_start.o
 .debug_macro   0x000208b4       0x16 atmel_start.o
 .debug_macro   0x000208ca       0x16 atmel_start.o
 .debug_macro   0x000208e0       0x16 atmel_start.o
 .debug_macro   0x000208f6       0x16 atmel_start.o
 .debug_macro   0x0002090c       0x16 atmel_start.o
 .debug_macro   0x00020922       0x16 atmel_start.o
 .debug_macro   0x00020938       0x16 atmel_start.o
 .debug_macro   0x0002094e       0x16 atmel_start.o
 .debug_macro   0x00020964       0x16 atmel_start.o
 .debug_macro   0x0002097a       0x16 atmel_start.o
 .debug_macro   0x00020990       0x16 atmel_start.o
 .debug_macro   0x000209a6       0x16 atmel_start.o
 .debug_macro   0x000209bc       0x16 atmel_start.o
 .debug_macro   0x000209d2       0x16 atmel_start.o
 .debug_macro   0x000209e8       0x16 atmel_start.o
 .debug_macro   0x000209fe       0x16 atmel_start.o
 .debug_macro   0x00020a14       0x16 atmel_start.o
 .debug_macro   0x00020a2a      0xe5c atmel_start.o
 .debug_macro   0x00021886      0x9b6 atmel_start.o
 .debug_macro   0x0002223c       0x94 atmel_start.o
 .debug_macro   0x000222d0       0x16 atmel_start.o
 .debug_macro   0x000222e6       0xbe atmel_start.o
 .debug_macro   0x000223a4      0x28c atmel_start.o
 .debug_macro   0x00022630       0x16 atmel_start.o
 .debug_macro   0x00022646      0x4d8 atmel_start.o
 .debug_macro   0x00022b1e       0x16 atmel_start.o
 .debug_macro   0x00022b34       0xca atmel_start.o
 .debug_macro   0x00022bfe       0x1c atmel_start.o
 .debug_macro   0x00022c1a       0x16 atmel_start.o
 .debug_macro   0x00022c30       0xcf atmel_start.o
 .debug_macro   0x00022cff       0xca atmel_start.o
 .debug_macro   0x00022dc9       0x70 atmel_start.o
 .debug_macro   0x00022e39       0xc9 atmel_start.o
 .debug_macro   0x00022f02       0xd1 atmel_start.o
 .debug_macro   0x00022fd3       0xee atmel_start.o
 .debug_macro   0x000230c1       0xeb atmel_start.o
 .debug_macro   0x000231ac       0x9b atmel_start.o
 .debug_macro   0x00023247       0x1c atmel_start.o
 .debug_macro   0x00023263       0x1c atmel_start.o
 .debug_macro   0x0002327f       0x2e atmel_start.o
 .debug_macro   0x000232ad       0xab atmel_start.o
 .debug_macro   0x00023358      0x462 Device_Startup/startup_same53.o
 .debug_macro   0x000237ba      0x7cd driver_init.o
 .debug_macro   0x00023f87       0x7b driver_init.o
 .debug_macro   0x00024002      0x624 hal/src/hal_atomic.o
 .debug_macro   0x00024626      0x664 hal/src/hal_i2c_m_sync.o
 .debug_macro   0x00024c8a       0x6a hal/src/hal_i2c_m_sync.o
 .debug_macro   0x00024cf4      0x659 hal/src/hal_pwm.o
 .debug_macro   0x0002534d      0x659 hal/src/hal_qspi_sync.o
 .debug_macro   0x000259a6      0x681 hal/src/hal_spi_m_sync.o
 .debug_macro   0x00026027      0x670 hal/src/hal_timer.o
 .debug_macro   0x00026697      0x71e hal/src/hal_usb_device.o
 .debug_macro   0x00026db5       0xcb hal/src/hal_usb_device.o
 .debug_macro   0x00026e80       0x58 hal/src/hal_usb_device.o
 .debug_macro   0x00026ed8       0x35 hal/src/hal_usb_device.o
 .debug_macro   0x00026f0d       0x9c hal/src/hal_usb_device.o
 .debug_macro   0x00026fa9       0x58 hal/src/hal_usb_device.o
 .debug_macro   0x00027001       0x1f hal/src/hal_usb_device.o
 .debug_macro   0x00027020       0x43 hal/src/hal_usb_device.o
 .debug_macro   0x00027063       0x20 hal/src/hal_usb_device.o
 .debug_macro   0x00027083      0x187 hal/src/hal_usb_device.o
 .debug_macro   0x0002720a      0x34d hal/src/hal_usb_device.o
 .debug_macro   0x00027557       0x10 hal/src/hal_usb_device.o
 .debug_macro   0x00027567       0x35 hal/src/hal_usb_device.o
 .debug_macro   0x0002759c      0x62e hal/utils/src/utils_assert.o
 .debug_macro   0x00027bca       0x10 hal/utils/src/utils_assert.o
 .debug_macro   0x00027bda      0x633 hal/utils/src/utils_list.o
 .debug_macro   0x0002820d      0x6c7 hpl/core/hpl_init.o
 .debug_macro   0x000288d4       0x2e hpl/core/hpl_init.o
 .debug_macro   0x00028902      0xd7b hpl/core/hpl_init.o
 .debug_macro   0x0002967d      0x63d hpl/gclk/hpl_gclk.o
 .debug_macro   0x00029cba      0x2f0 hpl/gclk/hpl_gclk.o
 .debug_macro   0x00029faa      0x638 hpl/mclk/hpl_mclk.o
 .debug_macro   0x0002a5e2      0x633 hpl/osc32kctrl/hpl_osc32kctrl.o
 .debug_macro   0x0002ac15       0x80 hpl/osc32kctrl/hpl_osc32kctrl.o
 .debug_macro   0x0002ac95      0x63d hpl/oscctrl/hpl_oscctrl.o
 .debug_macro   0x0002b2d2      0x216 hpl/oscctrl/hpl_oscctrl.o
 .debug_macro   0x0002b4e8      0x65e hpl/qspi/hpl_qspi.o
 .debug_macro   0x0002bb46       0x40 hpl/qspi/hpl_qspi.o
 .debug_macro   0x0002bb86      0x64e hpl/ramecc/hpl_ramecc.o
 .debug_macro   0x0002c1d4      0x662 hpl/rtc/hpl_rtc.o
 .debug_macro   0x0002c836      0x115 hpl/rtc/hpl_rtc.o
 .debug_macro   0x0002c94b      0x87f hpl/sercom/hpl_sercom.o
 .debug_macro   0x0002d1ca      0x100 hpl/sercom/hpl_sercom.o
 .debug_macro   0x0002d2ca       0x10 hpl/sercom/hpl_sercom.o
 .debug_macro   0x0002d2da       0x1c hpl/sercom/hpl_sercom.o
 .debug_macro   0x0002d2f6       0x22 hpl/sercom/hpl_sercom.o
 .debug_macro   0x0002d318       0x10 hpl/sercom/hpl_sercom.o
 .debug_macro   0x0002d328      0x694 hpl/tcc/hpl_tcc.o
 .debug_macro   0x0002d9bc      0x17e hpl/tcc/hpl_tcc.o
 .debug_macro   0x0002db3a      0x8a9 hpl/usb/hpl_usb.o
 .debug_macro   0x0002e3e3      0x820 main.o
 .debug_macro   0x0002ec03      0x830 qtouch/touch.o

.debug_line     0x00000000    0x16795
 .debug_line    0x00000000      0xe4f atmel_start.o
 .debug_line    0x00000e4f      0x81d Device_Startup/startup_same53.o
 .debug_line    0x0000166c     0x10ba driver_init.o
 .debug_line    0x00002726      0xb55 hal/src/hal_atomic.o
 .debug_line    0x0000327b      0xc7c hal/src/hal_i2c_m_sync.o
 .debug_line    0x00003ef7      0xc19 hal/src/hal_pwm.o
 .debug_line    0x00004b10      0xbec hal/src/hal_qspi_sync.o
 .debug_line    0x000056fc      0xcda hal/src/hal_spi_m_sync.o
 .debug_line    0x000063d6      0xcfa hal/src/hal_timer.o
 .debug_line    0x000070d0      0xf02 hal/src/hal_usb_device.o
 .debug_line    0x00007fd2      0xb2a hal/utils/src/utils_assert.o
 .debug_line    0x00008afc      0xbc2 hal/utils/src/utils_list.o
 .debug_line    0x000096be      0xc38 hpl/core/hpl_init.o
 .debug_line    0x0000a2f6      0xb8f hpl/gclk/hpl_gclk.o
 .debug_line    0x0000ae85      0xb4d hpl/mclk/hpl_mclk.o
 .debug_line    0x0000b9d2      0xb62 hpl/osc32kctrl/hpl_osc32kctrl.o
 .debug_line    0x0000c534      0xc6f hpl/oscctrl/hpl_oscctrl.o
 .debug_line    0x0000d1a3      0xceb hpl/qspi/hpl_qspi.o
 .debug_line    0x0000de8e      0xbf0 hpl/ramecc/hpl_ramecc.o
 .debug_line    0x0000ea7e      0xd61 hpl/rtc/hpl_rtc.o
 .debug_line    0x0000f7df     0x2b37 hpl/sercom/hpl_sercom.o
 .debug_line    0x00012316      0xecd hpl/tcc/hpl_tcc.o
 .debug_line    0x000131e3     0x1741 hpl/usb/hpl_usb.o
 .debug_line    0x00014924      0xe86 main.o
 .debug_line    0x000157aa      0xfeb qtouch/touch.o

.debug_str      0x00000000    0xff58f
 .debug_str     0x00000000    0xe99d5 atmel_start.o
                              0xe9f65 (size before relaxing)
 .debug_str     0x000e99d5      0xbab Device_Startup/startup_same53.o
                              0xd19e0 (size before relaxing)
 .debug_str     0x000ea580     0x22e1 driver_init.o
                              0xeb6c0 (size before relaxing)
 .debug_str     0x000ec861       0x9c hal/src/hal_atomic.o
                              0xe7388 (size before relaxing)
 .debug_str     0x000ec8fd      0x177 hal/src/hal_i2c_m_sync.o
                              0xe7c79 (size before relaxing)
 .debug_str     0x000eca74      0x18b hal/src/hal_pwm.o
                              0xe7b13 (size before relaxing)
 .debug_str     0x000ecbff      0x182 hal/src/hal_qspi_sync.o
                              0xe7a78 (size before relaxing)
 .debug_str     0x000ecd81      0x2e8 hal/src/hal_spi_m_sync.o
                              0xe7d10 (size before relaxing)
 .debug_str     0x000ed069      0x2cc hal/src/hal_timer.o
                              0xe7cb5 (size before relaxing)
 .debug_str     0x000ed335     0x345c hal/src/hal_usb_device.o
                              0xeb577 (size before relaxing)
 .debug_str     0x000f0791       0x2a hal/utils/src/utils_assert.o
                              0xe7398 (size before relaxing)
 .debug_str     0x000f07bb       0x31 hal/utils/src/utils_list.o
                              0xe7442 (size before relaxing)
 .debug_str     0x000f07ec     0x3103 hpl/core/hpl_init.o
                              0xeb0ca (size before relaxing)
 .debug_str     0x000f38ef      0xbf5 hpl/gclk/hpl_gclk.o
                              0xe80c4 (size before relaxing)
 .debug_str     0x000f44e4       0x47 hpl/mclk/hpl_mclk.o
                              0xe7a05 (size before relaxing)
 .debug_str     0x000f452b      0x460 hpl/osc32kctrl/hpl_osc32kctrl.o
                              0xe77f0 (size before relaxing)
 .debug_str     0x000f498b      0xcd2 hpl/oscctrl/hpl_oscctrl.o
                              0xe8d63 (size before relaxing)
 .debug_str     0x000f565d      0x3a7 hpl/qspi/hpl_qspi.o
                              0xe7e23 (size before relaxing)
 .debug_str     0x000f5a04      0x91d hpl/ramecc/hpl_ramecc.o
                              0xe8225 (size before relaxing)
 .debug_str     0x000f6321      0x5e2 hpl/rtc/hpl_rtc.o
                              0xe88d4 (size before relaxing)
 .debug_str     0x000f6903     0x4b47 hpl/sercom/hpl_sercom.o
                              0xedbde (size before relaxing)
 .debug_str     0x000fb44a      0xf9e hpl/tcc/hpl_tcc.o
                              0xe9bb6 (size before relaxing)
 .debug_str     0x000fc3e8     0x1d52 hpl/usb/hpl_usb.o
                              0xedb67 (size before relaxing)
 .debug_str     0x000fe13a       0x8a main.o
                              0xea477 (size before relaxing)
 .debug_str     0x000fe1c4     0x13cb qtouch/touch.o
                              0xeb560 (size before relaxing)

.debug_frame    0x00000000     0x2518
 .debug_frame   0x00000000       0x28 atmel_start.o
 .debug_frame   0x00000028       0x38 Device_Startup/startup_same53.o
 .debug_frame   0x00000060      0x178 driver_init.o
 .debug_frame   0x000001d8       0x40 hal/src/hal_atomic.o
 .debug_frame   0x00000218      0x174 hal/src/hal_i2c_m_sync.o
 .debug_frame   0x0000038c       0xec hal/src/hal_pwm.o
 .debug_frame   0x00000478       0xa0 hal/src/hal_qspi_sync.o
 .debug_frame   0x00000518      0x198 hal/src/hal_spi_m_sync.o
 .debug_frame   0x000006b0      0x144 hal/src/hal_timer.o
 .debug_frame   0x000007f4      0x31c hal/src/hal_usb_device.o
 .debug_frame   0x00000b10       0x20 hal/utils/src/utils_assert.o
 .debug_frame   0x00000b30       0x98 hal/utils/src/utils_list.o
 .debug_frame   0x00000bc8       0x28 hpl/core/hpl_init.o
 .debug_frame   0x00000bf0       0x30 hpl/gclk/hpl_gclk.o
 .debug_frame   0x00000c20       0x20 hpl/mclk/hpl_mclk.o
 .debug_frame   0x00000c40       0x20 hpl/osc32kctrl/hpl_osc32kctrl.o
 .debug_frame   0x00000c60       0x30 hpl/oscctrl/hpl_oscctrl.o
 .debug_frame   0x00000c90       0xb4 hpl/qspi/hpl_qspi.o
 .debug_frame   0x00000d44       0x4c hpl/ramecc/hpl_ramecc.o
 .debug_frame   0x00000d90       0xf8 hpl/rtc/hpl_rtc.o
 .debug_frame   0x00000e88      0xeec hpl/sercom/hpl_sercom.o
 .debug_frame   0x00001d74      0x184 hpl/tcc/hpl_tcc.o
 .debug_frame   0x00001ef8      0x3e8 hpl/usb/hpl_usb.o
 .debug_frame   0x000022e0       0x28 main.o
 .debug_frame   0x00002308      0x19c qtouch/touch.o
 .debug_frame   0x000024a4       0x2c c:/program files (x86)/atmel/studio/7.0/toolchain/arm/arm-gnu-toolchain/bin/../lib/gcc/arm-none-eabi/6.3.1/../../../../arm-none-eabi/lib/thumb/v7e-m\libc_nano.a(lib_a-init.o)
 .debug_frame   0x000024d0       0x28 c:/program files (x86)/atmel/studio/7.0/toolchain/arm/arm-gnu-toolchain/bin/../lib/gcc/arm-none-eabi/6.3.1/../../../../arm-none-eabi/lib/thumb/v7e-m\libc_nano.a(lib_a-memcpy-stub.o)
 .debug_frame   0x000024f8       0x20 c:/program files (x86)/atmel/studio/7.0/toolchain/arm/arm-gnu-toolchain/bin/../lib/gcc/arm-none-eabi/6.3.1/../../../../arm-none-eabi/lib/thumb/v7e-m\libc_nano.a(lib_a-memset.o)
